00:05.308  render           | Saved: '/mnt/ssd/crew-wt/forge/shots/fixtures/f1/frame.png'
00:05.384  render           | Saved: '/tmp/astra-render-_4myuofk/000000.png'
00:05.457  render           | Saved: '/tmp/astra-render-_4myuofk/000001.png'
00:05.535  render           | Saved: '/tmp/astra-render-_4myuofk/000002.png'
00:05.644  render           | Saved: '/tmp/astra-render-_4myuofk/000003.png'
00:05.728  render           | Saved: '/tmp/astra-render-_4myuofk/000004.png'
00:05.813  render           | Saved: '/tmp/astra-render-_4myuofk/000005.png'
00:06.277  render           | Saved: '/tmp/astra-render-_3wbfgo2/000000.png'
00:06.396  render           | Saved: '/tmp/astra-render-_3wbfgo2/000001.png'
00:06.498  render           | Saved: '/tmp/astra-render-_3wbfgo2/000002.png'
00:06.608  render           | Saved: '/tmp/astra-render-_3wbfgo2/000003.png'
00:06.706  render           | Saved: '/tmp/astra-render-_3wbfgo2/000004.png'
00:06.786  render           | Saved: '/tmp/astra-render-_3wbfgo2/000005.png'
00:07.182  render           | Saved: '/tmp/astra-render-p33lbg8v/000000.png'
00:07.275  render           | Saved: '/tmp/astra-render-p33lbg8v/000001.png'
00:07.365  render           | Saved: '/tmp/astra-render-p33lbg8v/000002.png'
00:07.457  render           | Saved: '/tmp/astra-render-p33lbg8v/000003.png'
00:07.541  render           | Saved: '/tmp/astra-render-p33lbg8v/000004.png'
00:07.618  render           | Saved: '/tmp/astra-render-p33lbg8v/000005.png'
Blender 5.1.2 (hash ec6e62d40fa9 built 2026-05-19 02:18:37)

Blender quit
