00:03.777  render           | Saved: '/mnt/ssd/crew-wt/forge/shots/fixtures/f3/shot4_bad/blockout.camera/frame.png'
00:03.837  render           | Saved: '/mnt/ssd/crew-wt/forge/shots/fixtures/f3/shot4_bad/blockout.camera/hero-mask.png'
00:04.291  render           | Saved: '/mnt/ssd/crew-wt/forge/shots/fixtures/f3/shot4_fixed/blockout.camera/frame.png'
00:04.362  render           | Saved: '/mnt/ssd/crew-wt/forge/shots/fixtures/f3/shot4_fixed/blockout.camera/hero-mask.png'
00:04.445  render           | Saved: '/tmp/astra-render-56ec7wld/000000.png'
00:04.502  render           | Saved: '/tmp/astra-render-56ec7wld/000001.png'
00:04.566  render           | Saved: '/tmp/astra-render-56ec7wld/000002.png'
00:04.645  render           | Saved: '/tmp/astra-render-56ec7wld/000003.png'
00:04.736  render           | Saved: '/tmp/astra-render-56ec7wld/000004.png'
00:05.088  render           | Saved: '/tmp/astra-render-1tn33shz/000000.png'
00:05.157  render           | Saved: '/tmp/astra-render-1tn33shz/000001.png'
00:05.216  render           | Saved: '/tmp/astra-render-1tn33shz/000002.png'
00:05.261  render           | Saved: '/tmp/astra-render-1tn33shz/000003.png'
00:05.314  render           | Saved: '/tmp/astra-render-1tn33shz/000004.png'
00:05.622  render           | Saved: '/tmp/astra-render-oy0loxeh/000000.png'
00:05.690  render           | Saved: '/tmp/astra-render-oy0loxeh/000001.png'
00:05.752  render           | Saved: '/tmp/astra-render-oy0loxeh/000002.png'
00:05.805  render           | Saved: '/tmp/astra-render-oy0loxeh/000003.png'
00:05.861  render           | Saved: '/tmp/astra-render-oy0loxeh/000004.png'
00:06.146  render           | Saved: '/mnt/ssd/crew-wt/forge/shots/fixtures/f3/shot4_fixed/hero-frame.png'
00:06.241  render           | Saved: '/mnt/ssd/crew-wt/forge/shots/fixtures/f3/wrong_hero_decoy/blockout.camera/frame.png'
00:06.331  render           | Saved: '/mnt/ssd/crew-wt/forge/shots/fixtures/f3/wrong_hero_decoy/blockout.camera/hero-mask.png'
00:06.424  render           | Saved: '/mnt/ssd/crew-wt/forge/shots/fixtures/f3/occluded/blockout.camera/frame.png'
00:06.488  render           | Saved: '/mnt/ssd/crew-wt/forge/shots/fixtures/f3/occluded/blockout.camera/hero-mask.png'
00:06.593  render           | Saved: '/mnt/ssd/crew-wt/forge/shots/fixtures/f3/occluded_fixed/blockout.camera/frame.png'
00:06.680  render           | Saved: '/mnt/ssd/crew-wt/forge/shots/fixtures/f3/occluded_fixed/blockout.camera/hero-mask.png'
00:06.790  render           | Saved: '/tmp/astra-render-kebwgom4/000000.png'
00:06.863  render           | Saved: '/tmp/astra-render-kebwgom4/000001.png'
00:06.928  render           | Saved: '/tmp/astra-render-kebwgom4/000002.png'
00:07.000  render           | Saved: '/tmp/astra-render-kebwgom4/000003.png'
00:07.070  render           | Saved: '/tmp/astra-render-kebwgom4/000004.png'
00:07.445  render           | Saved: '/mnt/ssd/crew-wt/forge/shots/fixtures/f3/offscreen_with_good_vector/blockout.camera/frame.png'
00:07.508  render           | Saved: '/mnt/ssd/crew-wt/forge/shots/fixtures/f3/offscreen_with_good_vector/blockout.camera/hero-mask.png'
00:07.621  render           | Saved: '/mnt/ssd/crew-wt/forge/shots/fixtures/f3/constrained_camera/blockout.camera/frame.png'
00:07.693  render           | Saved: '/mnt/ssd/crew-wt/forge/shots/fixtures/f3/constrained_camera/blockout.camera/hero-mask.png'
00:07.806  render           | Saved: '/tmp/astra-render-a92pesge/000000.png'
00:07.902  render           | Saved: '/tmp/astra-render-a92pesge/000001.png'
00:08.009  render           | Saved: '/tmp/astra-render-a92pesge/000002.png'
00:08.125  render           | Saved: '/tmp/astra-render-a92pesge/000003.png'
00:08.217  render           | Saved: '/tmp/astra-render-a92pesge/000004.png'
00:08.572  render           | Saved: '/mnt/ssd/crew-wt/forge/shots/fixtures/f3/changed_after_pass/blockout.camera/frame.png'
00:08.635  render           | Saved: '/mnt/ssd/crew-wt/forge/shots/fixtures/f3/changed_after_pass/blockout.camera/hero-mask.png'
00:08.753  render           | Saved: '/mnt/ssd/crew-wt/forge/shots/fixtures/f3/midpoint_not_current_frame/blockout.camera/frame.png'
00:08.837  render           | Saved: '/mnt/ssd/crew-wt/forge/shots/fixtures/f3/midpoint_not_current_frame/blockout.camera/hero-mask.png'
00:08.954  render           | Saved: '/mnt/ssd/crew-wt/forge/shots/fixtures/f3/evaluated_follow/blockout.camera/frame.png'
00:09.058  render           | Saved: '/mnt/ssd/crew-wt/forge/shots/fixtures/f3/evaluated_follow/blockout.camera/hero-mask.png'
00:09.187  render           | Saved: '/tmp/astra-render-ymgrxdni/000000.png'
00:09.286  render           | Saved: '/tmp/astra-render-ymgrxdni/000001.png'
00:09.367  render           | Saved: '/tmp/astra-render-ymgrxdni/000002.png'
00:09.475  render           | Saved: '/tmp/astra-render-ymgrxdni/000003.png'
00:09.567  render           | Saved: '/tmp/astra-render-ymgrxdni/000004.png'
00:09.926  render           | Saved: '/mnt/ssd/crew-wt/forge/shots/fixtures/f3/pillow_unconfigured/blockout.camera/frame.png'
00:10.015  render           | Saved: '/mnt/ssd/crew-wt/forge/shots/fixtures/f3/pillow_unconfigured/blockout.camera/hero-mask.png'
F3 PASS: Shot4 bad rejected, fixed accepted; all camera regressions passed
Blender 5.1.2 (hash ec6e62d40fa9 built 2026-05-19 02:18:37)

Blender quit
