00:05.072  render           | Saved: '/mnt/ssd/crew-wt/forge/shots/fixtures/f2/regenerated-c5/lie.png'
00:05.672  render           | Saved: '/mnt/ssd/crew-wt/forge/shots/fixtures/f2/ported-c5/lie.png'
00:06.230  render           | Saved: '/mnt/ssd/crew-wt/forge/shots/fixtures/f2/regenerated-c5/kneel.png'
00:06.741  render           | Saved: '/mnt/ssd/crew-wt/forge/shots/fixtures/f2/ported-c5/kneel.png'
00:07.221  render           | Saved: '/mnt/ssd/crew-wt/forge/shots/fixtures/f2/regenerated-c5/crouch.png'
00:07.781  render           | Saved: '/mnt/ssd/crew-wt/forge/shots/fixtures/f2/ported-c5/crouch.png'
00:08.384  render           | Saved: '/mnt/ssd/crew-wt/forge/shots/fixtures/f2/regenerated-c5/lean.png'
00:08.976  render           | Saved: '/mnt/ssd/crew-wt/forge/shots/fixtures/f2/ported-c5/lean.png'
00:09.544  render           | Saved: '/mnt/ssd/crew-wt/forge/shots/fixtures/f2/regenerated-c5/turn_away.png'
00:10.101  render           | Saved: '/mnt/ssd/crew-wt/forge/shots/fixtures/f2/ported-c5/turn_away.png'
00:10.424  render           | Saved: '/mnt/ssd/crew-wt/forge/shots/fixtures/f2/lie/blockout.camera/frame.png'
00:10.589  render           | Saved: '/mnt/ssd/crew-wt/forge/shots/fixtures/f2/lie/blockout.camera/hero-mask.png'
00:10.846  render           | Saved: '/tmp/astra-render-wda9jxyu/000000.png'
00:11.004  render           | Saved: '/tmp/astra-render-wda9jxyu/000001.png'
00:11.166  render           | Saved: '/tmp/astra-render-wda9jxyu/000002.png'
00:11.788  render           | Saved: '/mnt/ssd/crew-wt/forge/shots/fixtures/f2/kneel/blockout.camera/frame.png'
00:11.959  render           | Saved: '/mnt/ssd/crew-wt/forge/shots/fixtures/f2/kneel/blockout.camera/hero-mask.png'
00:12.155  render           | Saved: '/tmp/astra-render-_2xudjwu/000000.png'
00:12.292  render           | Saved: '/tmp/astra-render-_2xudjwu/000001.png'
00:12.472  render           | Saved: '/tmp/astra-render-_2xudjwu/000002.png'
00:13.024  render           | Saved: '/mnt/ssd/crew-wt/forge/shots/fixtures/f2/crouch/blockout.camera/frame.png'
00:13.177  render           | Saved: '/mnt/ssd/crew-wt/forge/shots/fixtures/f2/crouch/blockout.camera/hero-mask.png'
00:13.344  render           | Saved: '/tmp/astra-render-ly3bxwus/000000.png'
00:13.489  render           | Saved: '/tmp/astra-render-ly3bxwus/000001.png'
00:13.650  render           | Saved: '/tmp/astra-render-ly3bxwus/000002.png'
00:14.224  render           | Saved: '/mnt/ssd/crew-wt/forge/shots/fixtures/f2/lean/blockout.camera/frame.png'
00:14.413  render           | Saved: '/mnt/ssd/crew-wt/forge/shots/fixtures/f2/lean/blockout.camera/hero-mask.png'
00:14.637  render           | Saved: '/tmp/astra-render-yanoqhmk/000000.png'
00:14.786  render           | Saved: '/tmp/astra-render-yanoqhmk/000001.png'
00:14.915  render           | Saved: '/tmp/astra-render-yanoqhmk/000002.png'
00:15.520  render           | Saved: '/mnt/ssd/crew-wt/forge/shots/fixtures/f2/turn_away/blockout.camera/frame.png'
00:15.683  render           | Saved: '/mnt/ssd/crew-wt/forge/shots/fixtures/f2/turn_away/blockout.camera/hero-mask.png'
00:15.891  render           | Saved: '/tmp/astra-render-62bh4ivw/000000.png'
00:16.002  render           | Saved: '/tmp/astra-render-62bh4ivw/000001.png'
00:16.119  render           | Saved: '/tmp/astra-render-62bh4ivw/000002.png'
F2 headless PASS: five C5 transform matches, five live Astra gated blockouts, idempotence and transitions
Blender 5.1.2 (hash ec6e62d40fa9 built 2026-05-19 02:18:37)

Blender quit
